[0.009s] Invoking command in '/home/jzq/MyJob/DexSlide/build/dexslide_slam_publisher': CMAKE_PREFIX_PATH=${CMAKE_PREFIX_PATH}:/home/jzq/MyJob/DexSlide/robot_manipulation/orca_control/orca_hand_ros/install/orca_hand_ros:/opt/ros/jazzy CONDA_PROMPT_MODIFIER=(dexslide) DEBUGINFOD_URLS=https://debuginfod.ubuntu.com /usr/bin/cmake --build /home/jzq/MyJob/DexSlide/build/dexslide_slam_publisher -- -j16 -l16
[0.029s] -- Found ament_cmake: 2.5.6 (/opt/ros/jazzy/share/ament_cmake/cmake)
[0.208s] -- Found rclcpp: 28.1.18 (/opt/ros/jazzy/share/rclcpp/cmake)
[0.228s] -- Found rosidl_generator_c: 4.6.7 (/opt/ros/jazzy/share/rosidl_generator_c/cmake)
[0.234s] -- Found rosidl_generator_cpp: 4.6.7 (/opt/ros/jazzy/share/rosidl_generator_cpp/cmake)
[0.242s] -- Using all available rosidl_typesupport_c: rosidl_typesupport_fastrtps_c;rosidl_typesupport_introspection_c
[0.252s] -- Using all available rosidl_typesupport_cpp: rosidl_typesupport_fastrtps_cpp;rosidl_typesupport_introspection_cpp
[0.295s] -- Found rmw_implementation_cmake: 7.3.3 (/opt/ros/jazzy/share/rmw_implementation_cmake/cmake)
[0.296s] -- Found rmw_fastrtps_cpp: 8.4.3 (/opt/ros/jazzy/share/rmw_fastrtps_cpp/cmake)
[0.350s] -- Using RMW implementation 'rmw_fastrtps_cpp' as default
[0.394s] -- Found geometry_msgs: 5.3.7 (/opt/ros/jazzy/share/geometry_msgs/cmake)
[0.415s] -- Found tf2_ros: 0.36.20 (/opt/ros/jazzy/share/tf2_ros/cmake)
[0.507s] -- Found cv_bridge: 4.1.0 (/opt/ros/jazzy/share/cv_bridge/cmake)
[0.597s] -- Configuring done (0.6s)
[0.614s] -- Generating done (0.0s)
[0.618s] -- Build files have been written to: /home/jzq/MyJob/DexSlide/build/dexslide_slam_publisher
[0.667s] [ 25%] [32mBuilding CXX object CMakeFiles/pose_publisher_node.dir/src/pose_publisher_node.cpp.o[0m
[0.675s] [ 75%] Built target realsense_topic_slam_node
[3.914s] [100%] [32m[1mLinking CXX executable pose_publisher_node[0m
[4.082s] [100%] Built target pose_publisher_node
[4.094s] Invoked command in '/home/jzq/MyJob/DexSlide/build/dexslide_slam_publisher' returned '0': CMAKE_PREFIX_PATH=${CMAKE_PREFIX_PATH}:/home/jzq/MyJob/DexSlide/robot_manipulation/orca_control/orca_hand_ros/install/orca_hand_ros:/opt/ros/jazzy CONDA_PROMPT_MODIFIER=(dexslide) DEBUGINFOD_URLS=https://debuginfod.ubuntu.com /usr/bin/cmake --build /home/jzq/MyJob/DexSlide/build/dexslide_slam_publisher -- -j16 -l16
[4.110s] Invoking command in '/home/jzq/MyJob/DexSlide/build/dexslide_slam_publisher': CMAKE_PREFIX_PATH=${CMAKE_PREFIX_PATH}:/home/jzq/MyJob/DexSlide/robot_manipulation/orca_control/orca_hand_ros/install/orca_hand_ros:/opt/ros/jazzy CONDA_PROMPT_MODIFIER=(dexslide) DEBUGINFOD_URLS=https://debuginfod.ubuntu.com /usr/bin/cmake --install /home/jzq/MyJob/DexSlide/build/dexslide_slam_publisher
[4.124s] -- Install configuration: ""
[4.124s] -- Installing: /home/jzq/MyJob/DexSlide/install/dexslide_slam_publisher/lib/dexslide_slam_publisher/pose_publisher_node
[4.125s] -- Set non-toolchain portion of runtime path of "/home/jzq/MyJob/DexSlide/install/dexslide_slam_publisher/lib/dexslide_slam_publisher/pose_publisher_node" to ""
[4.126s] -- Installing: /home/jzq/MyJob/DexSlide/install/dexslide_slam_publisher/lib/dexslide_slam_publisher/realsense_topic_slam_node
[4.131s] -- Set non-toolchain portion of runtime path of "/home/jzq/MyJob/DexSlide/install/dexslide_slam_publisher/lib/dexslide_slam_publisher/realsense_topic_slam_node" to ""
[4.131s] -- Installing: /home/jzq/MyJob/DexSlide/install/dexslide_slam_publisher/share/dexslide_slam_publisher/launch
[4.131s] -- Installing: /home/jzq/MyJob/DexSlide/install/dexslide_slam_publisher/share/dexslide_slam_publisher/launch/dexslide_slam_topics.launch.py
[4.131s] -- Installing: /home/jzq/MyJob/DexSlide/install/dexslide_slam_publisher/share/dexslide_slam_publisher/launch/dexslide_slam_online.launch.py
[4.131s] -- Installing: /home/jzq/MyJob/DexSlide/install/dexslide_slam_publisher/share/ament_index/resource_index/package_run_dependencies/dexslide_slam_publisher
[4.131s] -- Installing: /home/jzq/MyJob/DexSlide/install/dexslide_slam_publisher/share/ament_index/resource_index/parent_prefix_path/dexslide_slam_publisher
[4.131s] -- Installing: /home/jzq/MyJob/DexSlide/install/dexslide_slam_publisher/share/dexslide_slam_publisher/environment/ament_prefix_path.sh
[4.131s] -- Installing: /home/jzq/MyJob/DexSlide/install/dexslide_slam_publisher/share/dexslide_slam_publisher/environment/ament_prefix_path.dsv
[4.131s] -- Installing: /home/jzq/MyJob/DexSlide/install/dexslide_slam_publisher/share/dexslide_slam_publisher/environment/path.sh
[4.131s] -- Installing: /home/jzq/MyJob/DexSlide/install/dexslide_slam_publisher/share/dexslide_slam_publisher/environment/path.dsv
[4.131s] -- Installing: /home/jzq/MyJob/DexSlide/install/dexslide_slam_publisher/share/dexslide_slam_publisher/local_setup.bash
[4.131s] -- Installing: /home/jzq/MyJob/DexSlide/install/dexslide_slam_publisher/share/dexslide_slam_publisher/local_setup.sh
[4.131s] -- Installing: /home/jzq/MyJob/DexSlide/install/dexslide_slam_publisher/share/dexslide_slam_publisher/local_setup.zsh
[4.131s] -- Installing: /home/jzq/MyJob/DexSlide/install/dexslide_slam_publisher/share/dexslide_slam_publisher/local_setup.dsv
[4.131s] -- Installing: /home/jzq/MyJob/DexSlide/install/dexslide_slam_publisher/share/dexslide_slam_publisher/package.dsv
[4.132s] -- Installing: /home/jzq/MyJob/DexSlide/install/dexslide_slam_publisher/share/ament_index/resource_index/packages/dexslide_slam_publisher
[4.132s] -- Installing: /home/jzq/MyJob/DexSlide/install/dexslide_slam_publisher/share/dexslide_slam_publisher/cmake/dexslide_slam_publisherConfig.cmake
[4.132s] -- Installing: /home/jzq/MyJob/DexSlide/install/dexslide_slam_publisher/share/dexslide_slam_publisher/cmake/dexslide_slam_publisherConfig-version.cmake
[4.132s] -- Installing: /home/jzq/MyJob/DexSlide/install/dexslide_slam_publisher/share/dexslide_slam_publisher/package.xml
[4.133s] Invoked command in '/home/jzq/MyJob/DexSlide/build/dexslide_slam_publisher' returned '0': CMAKE_PREFIX_PATH=${CMAKE_PREFIX_PATH}:/home/jzq/MyJob/DexSlide/robot_manipulation/orca_control/orca_hand_ros/install/orca_hand_ros:/opt/ros/jazzy CONDA_PROMPT_MODIFIER=(dexslide) DEBUGINFOD_URLS=https://debuginfod.ubuntu.com /usr/bin/cmake --install /home/jzq/MyJob/DexSlide/build/dexslide_slam_publisher
