[0.070s] DEBUG:colcon:Command line arguments: ['/usr/bin/colcon', 'build', '--symlink-install', '--cmake-args', '-DPython3_EXECUTABLE=/home/jzq/anaconda3/envs/dexslide/bin/python']
[0.070s] DEBUG:colcon:Parsed command line arguments: Namespace(log_base=None, log_level=None, verb_name='build', build_base='build', install_base='install', merge_install=False, symlink_install=True, test_result_base=None, continue_on_error=False, executor='parallel', parallel_workers=16, event_handlers=None, ignore_user_meta=False, metas=['./colcon.meta'], base_paths=['.'], packages_ignore=None, packages_ignore_regex=None, paths=None, packages_up_to=None, packages_up_to_regex=None, packages_above=None, packages_above_and_dependencies=None, packages_above_depth=None, packages_select_by_dep=None, packages_skip_by_dep=None, packages_skip_up_to=None, packages_select_build_failed=False, packages_skip_build_finished=False, packages_select_test_failures=False, packages_skip_test_passed=False, packages_select=None, packages_skip=None, packages_select_regex=None, packages_skip_regex=None, packages_start=None, packages_end=None, allow_overriding=[], cmake_args=['-DPython3_EXECUTABLE=/home/jzq/anaconda3/envs/dexslide/bin/python'], cmake_target=None, cmake_target_skip_unavailable=False, cmake_clean_cache=False, cmake_clean_first=False, cmake_force_configure=False, ament_cmake_args=None, catkin_cmake_args=None, catkin_skip_building_tests=False, verb_parser=<colcon_defaults.argument_parser.defaults.DefaultArgumentsDecorator object at 0x7d1615b9c260>, verb_extension=<colcon_core.verb.build.BuildVerb object at 0x7d1615b7bf20>, main=<bound method BuildVerb.main of <colcon_core.verb.build.BuildVerb object at 0x7d1615b7bf20>>)
[0.106s] Level 1:colcon.colcon_core.package_discovery:discover_packages(colcon_meta) check parameters
[0.106s] Level 1:colcon.colcon_core.package_discovery:discover_packages(recursive) check parameters
[0.106s] Level 1:colcon.colcon_core.package_discovery:discover_packages(ignore) check parameters
[0.107s] Level 1:colcon.colcon_core.package_discovery:discover_packages(path) check parameters
[0.107s] Level 1:colcon.colcon_core.package_discovery:discover_packages(colcon_meta) discover
[0.107s] Level 1:colcon.colcon_core.package_discovery:discover_packages(recursive) discover
[0.107s] INFO:colcon.colcon_core.package_discovery:Crawling recursively for packages in '/home/jzq/MyJob/DexSlide/robot_manipulation/orca_control/orca_hand_ros'
[0.107s] Level 1:colcon.colcon_core.package_identification:_identify(.) by extensions ['ignore', 'ignore_ament_install']
[0.107s] Level 1:colcon.colcon_core.package_identification:_identify(.) by extension 'ignore'
[0.107s] Level 1:colcon.colcon_core.package_identification:_identify(.) by extension 'ignore_ament_install'
[0.107s] Level 1:colcon.colcon_core.package_identification:_identify(.) by extensions ['colcon_pkg']
[0.107s] Level 1:colcon.colcon_core.package_identification:_identify(.) by extension 'colcon_pkg'
[0.107s] Level 1:colcon.colcon_core.package_identification:_identify(.) by extensions ['colcon_meta']
[0.107s] Level 1:colcon.colcon_core.package_identification:_identify(.) by extension 'colcon_meta'
[0.107s] Level 1:colcon.colcon_core.package_identification:_identify(.) by extensions ['ros']
[0.107s] Level 1:colcon.colcon_core.package_identification:_identify(.) by extension 'ros'
[0.126s] DEBUG:colcon.colcon_core.package_identification:Package '.' with type 'ros.ament_python' and name 'orca_hand_ros'
[0.126s] Level 1:colcon.colcon_core.package_discovery:discover_packages(recursive) using defaults
[0.127s] Level 1:colcon.colcon_core.package_discovery:discover_packages(ignore) discover
[0.127s] Level 1:colcon.colcon_core.package_discovery:discover_packages(ignore) using defaults
[0.127s] Level 1:colcon.colcon_core.package_discovery:discover_packages(path) discover
[0.127s] Level 1:colcon.colcon_core.package_discovery:discover_packages(path) using defaults
[0.138s] Level 1:colcon.colcon_core.package_discovery:discover_packages(prefix_path) check parameters
[0.138s] Level 1:colcon.colcon_core.package_discovery:discover_packages(prefix_path) discover
[0.140s] DEBUG:colcon.colcon_installed_package_information.package_discovery:Found 25 installed packages in /home/jzq/MyJob/DexSlide/robot_manipulation/JAKA_control/jaka_ros2/install
[0.141s] DEBUG:colcon.colcon_installed_package_information.package_discovery:Found 302 installed packages in /opt/ros/jazzy
[0.142s] Level 1:colcon.colcon_core.package_discovery:discover_packages(prefix_path) using defaults
[0.167s] Level 5:colcon.colcon_core.verb:set package 'orca_hand_ros' build argument 'cmake_args' from command line to '['-DPython3_EXECUTABLE=/home/jzq/anaconda3/envs/dexslide/bin/python']'
[0.167s] Level 5:colcon.colcon_core.verb:set package 'orca_hand_ros' build argument 'cmake_target' from command line to 'None'
[0.167s] Level 5:colcon.colcon_core.verb:set package 'orca_hand_ros' build argument 'cmake_target_skip_unavailable' from command line to 'False'
[0.167s] Level 5:colcon.colcon_core.verb:set package 'orca_hand_ros' build argument 'cmake_clean_cache' from command line to 'False'
[0.167s] Level 5:colcon.colcon_core.verb:set package 'orca_hand_ros' build argument 'cmake_clean_first' from command line to 'False'
[0.167s] Level 5:colcon.colcon_core.verb:set package 'orca_hand_ros' build argument 'cmake_force_configure' from command line to 'False'
[0.167s] Level 5:colcon.colcon_core.verb:set package 'orca_hand_ros' build argument 'ament_cmake_args' from command line to 'None'
[0.167s] Level 5:colcon.colcon_core.verb:set package 'orca_hand_ros' build argument 'catkin_cmake_args' from command line to 'None'
[0.167s] Level 5:colcon.colcon_core.verb:set package 'orca_hand_ros' build argument 'catkin_skip_building_tests' from command line to 'False'
[0.167s] DEBUG:colcon.colcon_core.verb:Building package 'orca_hand_ros' with the following arguments: {'ament_cmake_args': None, 'build_base': '/home/jzq/MyJob/DexSlide/robot_manipulation/orca_control/orca_hand_ros/build/orca_hand_ros', 'catkin_cmake_args': None, 'catkin_skip_building_tests': False, 'cmake_args': ['-DPython3_EXECUTABLE=/home/jzq/anaconda3/envs/dexslide/bin/python'], 'cmake_clean_cache': False, 'cmake_clean_first': False, 'cmake_force_configure': False, 'cmake_target': None, 'cmake_target_skip_unavailable': False, 'install_base': '/home/jzq/MyJob/DexSlide/robot_manipulation/orca_control/orca_hand_ros/install/orca_hand_ros', 'merge_install': False, 'path': '/home/jzq/MyJob/DexSlide/robot_manipulation/orca_control/orca_hand_ros', 'symlink_install': True, 'test_result_base': None}
[0.167s] INFO:colcon.colcon_core.executor:Executing jobs using 'parallel' executor
[0.168s] DEBUG:colcon.colcon_parallel_executor.executor.parallel:run_until_complete
[0.168s] INFO:colcon.colcon_ros.task.ament_python.build:Building ROS package in '/home/jzq/MyJob/DexSlide/robot_manipulation/orca_control/orca_hand_ros' with build type 'ament_python'
[0.168s] Level 1:colcon.colcon_core.shell:create_environment_hook('orca_hand_ros', 'ament_prefix_path')
[0.169s] INFO:colcon.colcon_core.plugin_system:Skipping extension 'colcon_core.shell.bat': Not used on non-Windows systems
[0.169s] INFO:colcon.colcon_core.shell:Creating environment hook '/home/jzq/MyJob/DexSlide/robot_manipulation/orca_control/orca_hand_ros/install/orca_hand_ros/share/orca_hand_ros/hook/ament_prefix_path.ps1'
[0.170s] INFO:colcon.colcon_core.shell:Creating environment descriptor '/home/jzq/MyJob/DexSlide/robot_manipulation/orca_control/orca_hand_ros/install/orca_hand_ros/share/orca_hand_ros/hook/ament_prefix_path.dsv'
[0.170s] INFO:colcon.colcon_core.shell:Creating environment hook '/home/jzq/MyJob/DexSlide/robot_manipulation/orca_control/orca_hand_ros/install/orca_hand_ros/share/orca_hand_ros/hook/ament_prefix_path.sh'
[0.170s] INFO:colcon.colcon_core.shell:Skip shell extension 'powershell' for command environment: Not usable outside of PowerShell
[0.170s] DEBUG:colcon.colcon_core.shell:Skip shell extension 'dsv' for command environment
[0.310s] INFO:colcon.colcon_core.task.python.build:Building Python package in '/home/jzq/MyJob/DexSlide/robot_manipulation/orca_control/orca_hand_ros'
[0.310s] INFO:colcon.colcon_core.shell:Skip shell extension 'powershell' for command environment: Not usable outside of PowerShell
[0.310s] DEBUG:colcon.colcon_core.shell:Skip shell extension 'dsv' for command environment
[0.665s] DEBUG:colcon.colcon_core.event_handler.log_command:Invoking command in '/home/jzq/MyJob/DexSlide/robot_manipulation/orca_control/orca_hand_ros/build/orca_hand_ros': CONDA_PROMPT_MODIFIER=(dexslide) DEBUGINFOD_URLS=https://debuginfod.ubuntu.com PYTHONPATH=/home/jzq/MyJob/DexSlide/robot_manipulation/orca_control/orca_hand_ros/build/orca_hand_ros/prefix_override:/usr/lib/python3/dist-packages/colcon_core/task/python/colcon_distutils_commands:/home/jzq/MyJob/DexSlide/robot_manipulation/orca_control/orca_hand_ros/install/orca_hand_ros/lib/python3.12/site-packages:${PYTHONPATH} /usr/bin/python3 -W ignore:setup.py install is deprecated -W ignore:easy_install command is deprecated setup.py develop --editable --build-directory /home/jzq/MyJob/DexSlide/robot_manipulation/orca_control/orca_hand_ros/build/orca_hand_ros/build --no-deps symlink_data
[1.059s] Level 1:colcon.colcon_core.shell:create_environment_hook('orca_hand_ros', 'pythonpath_develop')
[1.060s] INFO:colcon.colcon_core.shell:Creating environment hook '/home/jzq/MyJob/DexSlide/robot_manipulation/orca_control/orca_hand_ros/build/orca_hand_ros/share/orca_hand_ros/hook/pythonpath_develop.ps1'
[1.060s] DEBUG:colcon.colcon_core.event_handler.log_command:Invoked command in '/home/jzq/MyJob/DexSlide/robot_manipulation/orca_control/orca_hand_ros/build/orca_hand_ros' returned '0': CONDA_PROMPT_MODIFIER=(dexslide) DEBUGINFOD_URLS=https://debuginfod.ubuntu.com PYTHONPATH=/home/jzq/MyJob/DexSlide/robot_manipulation/orca_control/orca_hand_ros/build/orca_hand_ros/prefix_override:/usr/lib/python3/dist-packages/colcon_core/task/python/colcon_distutils_commands:/home/jzq/MyJob/DexSlide/robot_manipulation/orca_control/orca_hand_ros/install/orca_hand_ros/lib/python3.12/site-packages:${PYTHONPATH} /usr/bin/python3 -W ignore:setup.py install is deprecated -W ignore:easy_install command is deprecated setup.py develop --editable --build-directory /home/jzq/MyJob/DexSlide/robot_manipulation/orca_control/orca_hand_ros/build/orca_hand_ros/build --no-deps symlink_data
[1.060s] INFO:colcon.colcon_core.shell:Creating environment descriptor '/home/jzq/MyJob/DexSlide/robot_manipulation/orca_control/orca_hand_ros/build/orca_hand_ros/share/orca_hand_ros/hook/pythonpath_develop.dsv'
[1.061s] INFO:colcon.colcon_core.shell:Creating environment hook '/home/jzq/MyJob/DexSlide/robot_manipulation/orca_control/orca_hand_ros/build/orca_hand_ros/share/orca_hand_ros/hook/pythonpath_develop.sh'
[1.062s] Level 1:colcon.colcon_core.environment:checking '/home/jzq/MyJob/DexSlide/robot_manipulation/orca_control/orca_hand_ros/install/orca_hand_ros' for CMake module files
[1.062s] Level 1:colcon.colcon_core.environment:checking '/home/jzq/MyJob/DexSlide/robot_manipulation/orca_control/orca_hand_ros/install/orca_hand_ros' for CMake config files
[1.063s] Level 1:colcon.colcon_core.environment:checking '/home/jzq/MyJob/DexSlide/robot_manipulation/orca_control/orca_hand_ros/install/orca_hand_ros/lib'
[1.063s] Level 1:colcon.colcon_core.environment:checking '/home/jzq/MyJob/DexSlide/robot_manipulation/orca_control/orca_hand_ros/install/orca_hand_ros/bin'
[1.063s] Level 1:colcon.colcon_core.environment:checking '/home/jzq/MyJob/DexSlide/robot_manipulation/orca_control/orca_hand_ros/install/orca_hand_ros/lib/pkgconfig/orca_hand_ros.pc'
[1.063s] Level 1:colcon.colcon_core.environment:checking '/home/jzq/MyJob/DexSlide/robot_manipulation/orca_control/orca_hand_ros/install/orca_hand_ros/lib/python3.12/site-packages'
[1.063s] Level 1:colcon.colcon_core.shell:create_environment_hook('orca_hand_ros', 'pythonpath')
[1.063s] INFO:colcon.colcon_core.shell:Creating environment hook '/home/jzq/MyJob/DexSlide/robot_manipulation/orca_control/orca_hand_ros/install/orca_hand_ros/share/orca_hand_ros/hook/pythonpath.ps1'
[1.063s] INFO:colcon.colcon_core.shell:Creating environment descriptor '/home/jzq/MyJob/DexSlide/robot_manipulation/orca_control/orca_hand_ros/install/orca_hand_ros/share/orca_hand_ros/hook/pythonpath.dsv'
[1.064s] INFO:colcon.colcon_core.shell:Creating environment hook '/home/jzq/MyJob/DexSlide/robot_manipulation/orca_control/orca_hand_ros/install/orca_hand_ros/share/orca_hand_ros/hook/pythonpath.sh'
[1.064s] Level 1:colcon.colcon_core.environment:checking '/home/jzq/MyJob/DexSlide/robot_manipulation/orca_control/orca_hand_ros/install/orca_hand_ros/bin'
[1.064s] Level 1:colcon.colcon_core.environment:create_environment_scripts_only(orca_hand_ros)
[1.064s] INFO:colcon.colcon_core.shell:Creating package script '/home/jzq/MyJob/DexSlide/robot_manipulation/orca_control/orca_hand_ros/install/orca_hand_ros/share/orca_hand_ros/package.ps1'
[1.065s] INFO:colcon.colcon_core.shell:Creating package descriptor '/home/jzq/MyJob/DexSlide/robot_manipulation/orca_control/orca_hand_ros/install/orca_hand_ros/share/orca_hand_ros/package.dsv'
[1.065s] INFO:colcon.colcon_core.shell:Creating package script '/home/jzq/MyJob/DexSlide/robot_manipulation/orca_control/orca_hand_ros/install/orca_hand_ros/share/orca_hand_ros/package.sh'
[1.066s] INFO:colcon.colcon_core.shell:Creating package script '/home/jzq/MyJob/DexSlide/robot_manipulation/orca_control/orca_hand_ros/install/orca_hand_ros/share/orca_hand_ros/package.bash'
[1.066s] INFO:colcon.colcon_core.shell:Creating package script '/home/jzq/MyJob/DexSlide/robot_manipulation/orca_control/orca_hand_ros/install/orca_hand_ros/share/orca_hand_ros/package.zsh'
[1.066s] Level 1:colcon.colcon_core.environment:create_file_with_runtime_dependencies(/home/jzq/MyJob/DexSlide/robot_manipulation/orca_control/orca_hand_ros/install/orca_hand_ros/share/colcon-core/packages/orca_hand_ros)
[1.067s] DEBUG:colcon.colcon_parallel_executor.executor.parallel:closing loop
[1.067s] DEBUG:colcon.colcon_parallel_executor.executor.parallel:loop closed
[1.067s] DEBUG:colcon.colcon_parallel_executor.executor.parallel:run_until_complete finished with '0'
[1.067s] DEBUG:colcon.colcon_core.event_reactor:joining thread
[1.072s] INFO:colcon.colcon_core.plugin_system:Skipping extension 'colcon_notification.desktop_notification.terminal_notifier': Not used on non-Darwin systems
[1.072s] INFO:colcon.colcon_core.plugin_system:Skipping extension 'colcon_notification.desktop_notification.win32': Not used on non-Windows systems
[1.072s] INFO:colcon.colcon_notification.desktop_notification:Sending desktop notification using 'notify2'
[1.085s] DEBUG:colcon.colcon_core.event_reactor:joined thread
[1.086s] INFO:colcon.colcon_core.shell:Creating prefix script '/home/jzq/MyJob/DexSlide/robot_manipulation/orca_control/orca_hand_ros/install/local_setup.ps1'
[1.086s] INFO:colcon.colcon_core.shell:Creating prefix util module '/home/jzq/MyJob/DexSlide/robot_manipulation/orca_control/orca_hand_ros/install/_local_setup_util_ps1.py'
[1.087s] INFO:colcon.colcon_core.shell:Creating prefix chain script '/home/jzq/MyJob/DexSlide/robot_manipulation/orca_control/orca_hand_ros/install/setup.ps1'
[1.088s] INFO:colcon.colcon_core.shell:Creating prefix script '/home/jzq/MyJob/DexSlide/robot_manipulation/orca_control/orca_hand_ros/install/local_setup.sh'
[1.088s] INFO:colcon.colcon_core.shell:Creating prefix util module '/home/jzq/MyJob/DexSlide/robot_manipulation/orca_control/orca_hand_ros/install/_local_setup_util_sh.py'
[1.089s] INFO:colcon.colcon_core.shell:Creating prefix chain script '/home/jzq/MyJob/DexSlide/robot_manipulation/orca_control/orca_hand_ros/install/setup.sh'
[1.090s] INFO:colcon.colcon_core.shell:Creating prefix script '/home/jzq/MyJob/DexSlide/robot_manipulation/orca_control/orca_hand_ros/install/local_setup.bash'
[1.090s] INFO:colcon.colcon_core.shell:Creating prefix chain script '/home/jzq/MyJob/DexSlide/robot_manipulation/orca_control/orca_hand_ros/install/setup.bash'
[1.091s] INFO:colcon.colcon_core.shell:Creating prefix script '/home/jzq/MyJob/DexSlide/robot_manipulation/orca_control/orca_hand_ros/install/local_setup.zsh'
[1.091s] INFO:colcon.colcon_core.shell:Creating prefix chain script '/home/jzq/MyJob/DexSlide/robot_manipulation/orca_control/orca_hand_ros/install/setup.zsh'
