[ 50%] Built target pose_publisher_node
[100%] Built target realsense_topic_slam_node
-- Install configuration: ""
-- Up-to-date: /home/jzq/MyJob/DexSlide/install/dexslide_slam_publisher/lib/dexslide_slam_publisher/pose_publisher_node
-- Installing: /home/jzq/MyJob/DexSlide/install/dexslide_slam_publisher/lib/dexslide_slam_publisher/realsense_topic_slam_node
-- Set non-toolchain portion of runtime path of "/home/jzq/MyJob/DexSlide/install/dexslide_slam_publisher/lib/dexslide_slam_publisher/realsense_topic_slam_node" to ""
-- Up-to-date: /home/jzq/MyJob/DexSlide/install/dexslide_slam_publisher/share/dexslide_slam_publisher/launch
-- Up-to-date: /home/jzq/MyJob/DexSlide/install/dexslide_slam_publisher/share/dexslide_slam_publisher/launch/dexslide_slam_topics.launch.py
-- Up-to-date: /home/jzq/MyJob/DexSlide/install/dexslide_slam_publisher/share/dexslide_slam_publisher/launch/dexslide_slam_online.launch.py
-- Up-to-date: /home/jzq/MyJob/DexSlide/install/dexslide_slam_publisher/share/ament_index/resource_index/package_run_dependencies/dexslide_slam_publisher
-- Up-to-date: /home/jzq/MyJob/DexSlide/install/dexslide_slam_publisher/share/ament_index/resource_index/parent_prefix_path/dexslide_slam_publisher
-- Up-to-date: /home/jzq/MyJob/DexSlide/install/dexslide_slam_publisher/share/dexslide_slam_publisher/environment/ament_prefix_path.sh
-- Up-to-date: /home/jzq/MyJob/DexSlide/install/dexslide_slam_publisher/share/dexslide_slam_publisher/environment/ament_prefix_path.dsv
-- Up-to-date: /home/jzq/MyJob/DexSlide/install/dexslide_slam_publisher/share/dexslide_slam_publisher/environment/path.sh
-- Up-to-date: /home/jzq/MyJob/DexSlide/install/dexslide_slam_publisher/share/dexslide_slam_publisher/environment/path.dsv
-- Up-to-date: /home/jzq/MyJob/DexSlide/install/dexslide_slam_publisher/share/dexslide_slam_publisher/local_setup.bash
-- Up-to-date: /home/jzq/MyJob/DexSlide/install/dexslide_slam_publisher/share/dexslide_slam_publisher/local_setup.sh
-- Up-to-date: /home/jzq/MyJob/DexSlide/install/dexslide_slam_publisher/share/dexslide_slam_publisher/local_setup.zsh
-- Up-to-date: /home/jzq/MyJob/DexSlide/install/dexslide_slam_publisher/share/dexslide_slam_publisher/local_setup.dsv
-- Installing: /home/jzq/MyJob/DexSlide/install/dexslide_slam_publisher/share/dexslide_slam_publisher/package.dsv
-- Up-to-date: /home/jzq/MyJob/DexSlide/install/dexslide_slam_publisher/share/ament_index/resource_index/packages/dexslide_slam_publisher
-- Up-to-date: /home/jzq/MyJob/DexSlide/install/dexslide_slam_publisher/share/dexslide_slam_publisher/cmake/dexslide_slam_publisherConfig.cmake
-- Up-to-date: /home/jzq/MyJob/DexSlide/install/dexslide_slam_publisher/share/dexslide_slam_publisher/cmake/dexslide_slam_publisherConfig-version.cmake
-- Up-to-date: /home/jzq/MyJob/DexSlide/install/dexslide_slam_publisher/share/dexslide_slam_publisher/package.xml
