[0.010s] Invoking command in '/home/jzq/MyJob/DexSlide/build/dexslide_slam_publisher': CMAKE_PREFIX_PATH=${CMAKE_PREFIX_PATH}:/home/jzq/MyJob/DexSlide/robot_manipulation/orca_control/orca_hand_ros/install/orca_hand_ros:/opt/ros/jazzy CONDA_PROMPT_MODIFIER=(dexslide) DEBUGINFOD_URLS=https://debuginfod.ubuntu.com /usr/bin/cmake /home/jzq/MyJob/DexSlide/umi_mono/ros2_ws/dexslide_slam_publisher -DCMAKE_INSTALL_PREFIX=/home/jzq/MyJob/DexSlide/install/dexslide_slam_publisher
[0.089s] -- The CXX compiler identification is GNU 13.3.0
[0.112s] -- Detecting CXX compiler ABI info
[0.278s] -- Detecting CXX compiler ABI info - done
[0.290s] -- Check for working CXX compiler: /usr/bin/c++ - skipped
[0.290s] -- Detecting CXX compile features
[0.291s] -- Detecting CXX compile features - done
[0.296s] -- Found ament_cmake: 2.5.6 (/opt/ros/jazzy/share/ament_cmake/cmake)
[0.419s] -- Found Python3: /usr/bin/python3 (found version "3.12.3") found components: Interpreter 
[0.504s] -- Found rclcpp: 28.1.18 (/opt/ros/jazzy/share/rclcpp/cmake)
[0.537s] -- Found rosidl_generator_c: 4.6.7 (/opt/ros/jazzy/share/rosidl_generator_c/cmake)
[0.548s] -- Found rosidl_generator_cpp: 4.6.7 (/opt/ros/jazzy/share/rosidl_generator_cpp/cmake)
[0.560s] -- Using all available rosidl_typesupport_c: rosidl_typesupport_fastrtps_c;rosidl_typesupport_introspection_c
[0.575s] -- Using all available rosidl_typesupport_cpp: rosidl_typesupport_fastrtps_cpp;rosidl_typesupport_introspection_cpp
[0.633s] -- Found rmw_implementation_cmake: 7.3.3 (/opt/ros/jazzy/share/rmw_implementation_cmake/cmake)
[0.636s] -- Found rmw_fastrtps_cpp: 8.4.3 (/opt/ros/jazzy/share/rmw_fastrtps_cpp/cmake)
[0.780s] -- Found OpenSSL: /usr/lib/x86_64-linux-gnu/libcrypto.so (found version "3.0.13")  
[0.801s] -- Found FastRTPS: /opt/ros/jazzy/include (Required is at least version "2.13") 
[0.844s] -- Using RMW implementation 'rmw_fastrtps_cpp' as default
[0.905s] -- Found geometry_msgs: 5.3.7 (/opt/ros/jazzy/share/geometry_msgs/cmake)
[0.930s] -- Found tf2_ros: 0.36.20 (/opt/ros/jazzy/share/tf2_ros/cmake)
[1.032s] -- Found PkgConfig: /usr/bin/pkg-config (found version "1.8.1") 
[1.032s] -- Checking for module 'libzmq'
[1.051s] --   Found libzmq, version 4.3.5
[1.176s] -- Found OpenCV: /usr (found version "4.6.0") 
[1.180s] -- Performing Test CMAKE_HAVE_LIBC_PTHREAD
[1.335s] -- Performing Test CMAKE_HAVE_LIBC_PTHREAD - Success
[1.336s] -- Found Threads: TRUE  
[1.339s] -- Found cv_bridge: 4.1.0 (/opt/ros/jazzy/share/cv_bridge/cmake)
[1.433s] -- Configuring done (1.4s)
[1.448s] -- Generating done (0.0s)
[1.453s] -- Build files have been written to: /home/jzq/MyJob/DexSlide/build/dexslide_slam_publisher
[1.460s] Invoked command in '/home/jzq/MyJob/DexSlide/build/dexslide_slam_publisher' returned '0': CMAKE_PREFIX_PATH=${CMAKE_PREFIX_PATH}:/home/jzq/MyJob/DexSlide/robot_manipulation/orca_control/orca_hand_ros/install/orca_hand_ros:/opt/ros/jazzy CONDA_PROMPT_MODIFIER=(dexslide) DEBUGINFOD_URLS=https://debuginfod.ubuntu.com /usr/bin/cmake /home/jzq/MyJob/DexSlide/umi_mono/ros2_ws/dexslide_slam_publisher -DCMAKE_INSTALL_PREFIX=/home/jzq/MyJob/DexSlide/install/dexslide_slam_publisher
[1.462s] Invoking command in '/home/jzq/MyJob/DexSlide/build/dexslide_slam_publisher': CMAKE_PREFIX_PATH=${CMAKE_PREFIX_PATH}:/home/jzq/MyJob/DexSlide/robot_manipulation/orca_control/orca_hand_ros/install/orca_hand_ros:/opt/ros/jazzy CONDA_PROMPT_MODIFIER=(dexslide) DEBUGINFOD_URLS=https://debuginfod.ubuntu.com /usr/bin/cmake --build /home/jzq/MyJob/DexSlide/build/dexslide_slam_publisher -- -j16 -l16
[1.517s] [ 25%] [32mBuilding CXX object CMakeFiles/pose_publisher_node.dir/src/pose_publisher_node.cpp.o[0m
[1.520s] [ 50%] [32mBuilding CXX object CMakeFiles/realsense_topic_slam_node.dir/src/realsense_topic_slam_node.cpp.o[0m
[2.407s] [01m[K/home/jzq/MyJob/DexSlide/umi_mono/ros2_ws/dexslide_slam_publisher/src/realsense_topic_slam_node.cpp:30:10:[m[K [01;31m[Kfatal error: [m[Kimu_ring_buffer.hpp: 没有那个文件或目录
[2.407s]    30 | #include [01;31m[K"imu_ring_buffer.hpp"[m[K
[2.407s]       |          [01;31m[K^~~~~~~~~~~~~~~~~~~~~[m[K
[2.408s] compilation terminated.
[2.417s] gmake[2]: *** [CMakeFiles/realsense_topic_slam_node.dir/build.make:76：CMakeFiles/realsense_topic_slam_node.dir/src/realsense_topic_slam_node.cpp.o] 错误 1
[2.417s] gmake[1]: *** [CMakeFiles/Makefile2:165：CMakeFiles/realsense_topic_slam_node.dir/all] 错误 2
[2.417s] gmake[1]: *** 正在等待未完成的任务....
[4.660s] [ 75%] [32m[1mLinking CXX executable pose_publisher_node[0m
[4.826s] [ 75%] Built target pose_publisher_node
[4.827s] gmake: *** [Makefile:146：all] 错误 2
[4.829s] Invoked command in '/home/jzq/MyJob/DexSlide/build/dexslide_slam_publisher' returned '2': CMAKE_PREFIX_PATH=${CMAKE_PREFIX_PATH}:/home/jzq/MyJob/DexSlide/robot_manipulation/orca_control/orca_hand_ros/install/orca_hand_ros:/opt/ros/jazzy CONDA_PROMPT_MODIFIER=(dexslide) DEBUGINFOD_URLS=https://debuginfod.ubuntu.com /usr/bin/cmake --build /home/jzq/MyJob/DexSlide/build/dexslide_slam_publisher -- -j16 -l16
