[0.010s] Invoking command in '/home/jzq/MyJob/DexSlide/build/dexslide_slam_publisher': CMAKE_PREFIX_PATH=${CMAKE_PREFIX_PATH}:/home/jzq/MyJob/DexSlide/robot_manipulation/orca_control/orca_hand_ros/install/orca_hand_ros:/opt/ros/jazzy CONDA_PROMPT_MODIFIER=(dexslide) DEBUGINFOD_URLS=https://debuginfod.ubuntu.com /usr/bin/cmake --build /home/jzq/MyJob/DexSlide/build/dexslide_slam_publisher -- -j16 -l16
[0.096s] [ 50%] Built target pose_publisher_node
[0.106s] [100%] Built target realsense_topic_slam_node
[0.120s] Invoked command in '/home/jzq/MyJob/DexSlide/build/dexslide_slam_publisher' returned '0': CMAKE_PREFIX_PATH=${CMAKE_PREFIX_PATH}:/home/jzq/MyJob/DexSlide/robot_manipulation/orca_control/orca_hand_ros/install/orca_hand_ros:/opt/ros/jazzy CONDA_PROMPT_MODIFIER=(dexslide) DEBUGINFOD_URLS=https://debuginfod.ubuntu.com /usr/bin/cmake --build /home/jzq/MyJob/DexSlide/build/dexslide_slam_publisher -- -j16 -l16
[0.131s] Invoking command in '/home/jzq/MyJob/DexSlide/build/dexslide_slam_publisher': CMAKE_PREFIX_PATH=${CMAKE_PREFIX_PATH}:/home/jzq/MyJob/DexSlide/robot_manipulation/orca_control/orca_hand_ros/install/orca_hand_ros:/opt/ros/jazzy CONDA_PROMPT_MODIFIER=(dexslide) DEBUGINFOD_URLS=https://debuginfod.ubuntu.com /usr/bin/cmake --install /home/jzq/MyJob/DexSlide/build/dexslide_slam_publisher
[0.139s] -- Install configuration: ""
[0.139s] -- Up-to-date: /home/jzq/MyJob/DexSlide/install/dexslide_slam_publisher/lib/dexslide_slam_publisher/pose_publisher_node
[0.140s] -- Installing: /home/jzq/MyJob/DexSlide/install/dexslide_slam_publisher/lib/dexslide_slam_publisher/realsense_topic_slam_node
[0.146s] -- Set non-toolchain portion of runtime path of "/home/jzq/MyJob/DexSlide/install/dexslide_slam_publisher/lib/dexslide_slam_publisher/realsense_topic_slam_node" to ""
[0.147s] -- Up-to-date: /home/jzq/MyJob/DexSlide/install/dexslide_slam_publisher/share/dexslide_slam_publisher/launch
[0.147s] -- Up-to-date: /home/jzq/MyJob/DexSlide/install/dexslide_slam_publisher/share/dexslide_slam_publisher/launch/dexslide_slam_topics.launch.py
[0.147s] -- Up-to-date: /home/jzq/MyJob/DexSlide/install/dexslide_slam_publisher/share/dexslide_slam_publisher/launch/dexslide_slam_online.launch.py
[0.147s] -- Up-to-date: /home/jzq/MyJob/DexSlide/install/dexslide_slam_publisher/share/ament_index/resource_index/package_run_dependencies/dexslide_slam_publisher
[0.147s] -- Up-to-date: /home/jzq/MyJob/DexSlide/install/dexslide_slam_publisher/share/ament_index/resource_index/parent_prefix_path/dexslide_slam_publisher
[0.147s] -- Up-to-date: /home/jzq/MyJob/DexSlide/install/dexslide_slam_publisher/share/dexslide_slam_publisher/environment/ament_prefix_path.sh
[0.147s] -- Up-to-date: /home/jzq/MyJob/DexSlide/install/dexslide_slam_publisher/share/dexslide_slam_publisher/environment/ament_prefix_path.dsv
[0.148s] -- Up-to-date: /home/jzq/MyJob/DexSlide/install/dexslide_slam_publisher/share/dexslide_slam_publisher/environment/path.sh
[0.148s] -- Up-to-date: /home/jzq/MyJob/DexSlide/install/dexslide_slam_publisher/share/dexslide_slam_publisher/environment/path.dsv
[0.148s] -- Up-to-date: /home/jzq/MyJob/DexSlide/install/dexslide_slam_publisher/share/dexslide_slam_publisher/local_setup.bash
[0.148s] -- Up-to-date: /home/jzq/MyJob/DexSlide/install/dexslide_slam_publisher/share/dexslide_slam_publisher/local_setup.sh
[0.148s] -- Up-to-date: /home/jzq/MyJob/DexSlide/install/dexslide_slam_publisher/share/dexslide_slam_publisher/local_setup.zsh
[0.148s] -- Up-to-date: /home/jzq/MyJob/DexSlide/install/dexslide_slam_publisher/share/dexslide_slam_publisher/local_setup.dsv
[0.148s] -- Installing: /home/jzq/MyJob/DexSlide/install/dexslide_slam_publisher/share/dexslide_slam_publisher/package.dsv
[0.148s] -- Up-to-date: /home/jzq/MyJob/DexSlide/install/dexslide_slam_publisher/share/ament_index/resource_index/packages/dexslide_slam_publisher
[0.148s] -- Up-to-date: /home/jzq/MyJob/DexSlide/install/dexslide_slam_publisher/share/dexslide_slam_publisher/cmake/dexslide_slam_publisherConfig.cmake
[0.149s] -- Up-to-date: /home/jzq/MyJob/DexSlide/install/dexslide_slam_publisher/share/dexslide_slam_publisher/cmake/dexslide_slam_publisherConfig-version.cmake
[0.149s] -- Up-to-date: /home/jzq/MyJob/DexSlide/install/dexslide_slam_publisher/share/dexslide_slam_publisher/package.xml
[0.150s] Invoked command in '/home/jzq/MyJob/DexSlide/build/dexslide_slam_publisher' returned '0': CMAKE_PREFIX_PATH=${CMAKE_PREFIX_PATH}:/home/jzq/MyJob/DexSlide/robot_manipulation/orca_control/orca_hand_ros/install/orca_hand_ros:/opt/ros/jazzy CONDA_PROMPT_MODIFIER=(dexslide) DEBUGINFOD_URLS=https://debuginfod.ubuntu.com /usr/bin/cmake --install /home/jzq/MyJob/DexSlide/build/dexslide_slam_publisher
